Building DocNexus...
 [PREMIUM] Detected plugins_dev. Including in build...
Running: D:\Code\DocNexusCorp\DocNexus\build\venv\Scripts\pyinstaller.exe --noconfirm --clean --name DocNexus_v1.2.0 --onefile --distpath D:\Code\DocNexusCorp\DocNexus\build\output --workpath D:\Code\DocNexusCorp\DocNexus\build\temp --specpath D:\Code\DocNexusCorp\DocNexus\build\spec --paths D:\Code\DocNexusCorp\DocNexus --icon D:\Code\DocNexusCorp\DocNexus\docnexus\static\logo.ico --add-data D:\Code\DocNexusCorp\DocNexus\docnexus\templates;docnexus/templates --add-data D:\Code\DocNexusCorp\DocNexus\docnexus\static;docnexus/static --hidden-import docnexus.features --hidden-import docnexus.features.smart_convert --hidden-import engineio.async_drivers.threading --hidden-import pymdownx --hidden-import pymdownx.betterem --hidden-import pymdownx.superfences --hidden-import pymdownx.tabbed --hidden-import pymdownx.details --hidden-import pymdownx.magiclink --hidden-import pymdownx.tasklist --hidden-import pymdownx.arithmatex --hidden-import pymdownx.highlight --hidden-import pymdownx.inlinehilite --hidden-import pymdownx.keys --hidden-import pymdownx.smartsymbols --hidden-import pymdownx.snippets --hidden-import pymdownx.tilde --hidden-import pymdownx.caret --hidden-import pymdownx.mark --hidden-import pymdownx.emoji --hidden-import pymdownx.saneheaders --add-data D:\Code\DocNexusCorp\DocNexus\docnexus\plugins_dev;docnexus/plugins_dev D:\Code\DocNexusCorp\DocNexus\docnexus\app.py
python : 541 INFO: PyInstaller: 
6.17.0, contrib hooks: 2025.11
At line:1 char:1
+ python scripts/build.py build > 
build_error.log 2>&1
+ ~~~~~~~~~~~~~~~~~~~~~~~~~~~~~~~~~~~~
~~~~~~~~~~~~~~~~
    + CategoryInfo          : NotSpec 
   ified: (541 INFO: PyIns... hooks:  
   2025.11:String) [], RemoteExcept   
 ion
    + FullyQualifiedErrorId : NativeC 
   ommandError
 
542 INFO: Python: 3.14.0
658 INFO: Platform: 
Windows-11-10.0.26100-SP0
658 INFO: Python environment: D:\Code\
DocNexusCorp\DocNexus\build\venv
659 INFO: wrote D:\Code\DocNexusCorp\D
ocNexus\build\spec\DocNexus_v1.2.0.spe
c
663 INFO: Removing temporary files 
and cleaning cache in C:\Users\Suresh\
AppData\Local\pyinstaller
676 INFO: Module search paths 
(PYTHONPATH):
['D:\\Code\\DocNexusCorp\\DocNexus\\bu
ild\\venv\\Scripts\\pyinstaller.exe',
 'C:\\Python314\\python314.zip',
 'C:\\Python314\\DLLs',
 'C:\\Python314\\Lib',
 'C:\\Python314',
 'D:\\Code\\DocNexusCorp\\DocNexus\\bu
ild\\venv',
 'D:\\Code\\DocNexusCorp\\DocNexus\\bu
ild\\venv\\Lib\\site-packages',
 'D:\\Code\\DocNexusCorp\\DocNexus']
1355 INFO: Appending 'datas' from 
.spec
1358 INFO: checking Analysis
1358 INFO: Building Analysis because 
Analysis-00.toc is non existent
1358 INFO: Looking for Python shared 
library...
1358 INFO: Using Python shared 
library: C:\Python314\python314.dll
1358 INFO: Running Analysis 
Analysis-00.toc
1358 INFO: Target bytecode 
optimization level: 0
1358 INFO: Initializing module 
dependency graph...
1360 INFO: Initializing module graph 
hook caches...
1382 INFO: Analyzing modules for 
base_library.zip ...
4254 INFO: Processing standard module 
hook 'hook-encodings.py' from 'D:\\Cod
e\\DocNexusCorp\\DocNexus\\build\\venv
\\Lib\\site-packages\\PyInstaller\\hoo
ks'
7545 INFO: Processing standard module 
hook 'hook-difflib.py' from 'D:\\Code\
\DocNexusCorp\\DocNexus\\build\\venv\\
Lib\\site-packages\\PyInstaller\\hooks
'
7570 INFO: Processing standard module 
hook 'hook-heapq.py' from 'D:\\Code\\D
ocNexusCorp\\DocNexus\\build\\venv\\Li
b\\site-packages\\PyInstaller\\hooks'
7823 INFO: Processing standard module 
hook 'hook-pickle.py' from 'D:\\Code\\
DocNexusCorp\\DocNexus\\build\\venv\\L
ib\\site-packages\\PyInstaller\\hooks'
11081 INFO: Caching module dependency 
graph...
11142 INFO: Analyzing D:\Code\DocNexus
Corp\DocNexus\docnexus\app.py
12048 INFO: Processing 
pre-safe-import-module hook 
'hook-typing_extensions.py' from 'D:\\
Code\\DocNexusCorp\\DocNexus\\build\\v
env\\Lib\\site-packages\\PyInstaller\\
hooks\\pre_safe_import_module'
12051 INFO: SetuptoolsInfo: 
initializing cached setuptools info...
20030 INFO: Processing standard 
module hook 
'hook-multiprocessing.util.py' from 'D
:\\Code\\DocNexusCorp\\DocNexus\\build
\\venv\\Lib\\site-packages\\PyInstalle
r\\hooks'
20302 INFO: Processing standard 
module hook 'hook-xml.py' from 'D:\\Co
de\\DocNexusCorp\\DocNexus\\build\\ven
v\\Lib\\site-packages\\PyInstaller\\ho
oks'
21098 INFO: Processing standard 
module hook 'hook-_ctypes.py' from 'D:
\\Code\\DocNexusCorp\\DocNexus\\build\
\venv\\Lib\\site-packages\\PyInstaller
\\hooks'
23245 INFO: Processing standard 
module hook 'hook-platform.py' from 'D
:\\Code\\DocNexusCorp\\DocNexus\\build
\\venv\\Lib\\site-packages\\PyInstalle
r\\hooks'
23575 INFO: Processing standard 
module hook 'hook-sysconfig.py' from '
D:\\Code\\DocNexusCorp\\DocNexus\\buil
d\\venv\\Lib\\site-packages\\PyInstall
er\\hooks'
24879 INFO: Processing standard 
module hook 'hook-jinja2.py' from 'D:\
\Code\\DocNexusCorp\\DocNexus\\build\\
venv\\Lib\\site-packages\\_pyinstaller
_hooks_contrib\\stdhooks'
26175 INFO: Processing 
pre-safe-import-module hook 
'hook-importlib_metadata.py' from 'D:\
\Code\\DocNexusCorp\\DocNexus\\build\\
venv\\Lib\\site-packages\\PyInstaller\
\hooks\\pre_safe_import_module'
26176 INFO: Setuptools: 
'importlib_metadata' appears to be a 
setuptools-vendored copy - creating 
alias to 'setuptools._vendor.importlib
_metadata'!
26204 INFO: Processing standard 
module hook 'hook-setuptools.py' from 
'D:\\Code\\DocNexusCorp\\DocNexus\\bui
ld\\venv\\Lib\\site-packages\\PyInstal
ler\\hooks'
26228 INFO: Processing 
pre-safe-import-module hook 
'hook-distutils.py' from 'D:\\Code\\Do
cNexusCorp\\DocNexus\\build\\venv\\Lib
\\site-packages\\PyInstaller\\hooks\\p
re_safe_import_module'
26284 INFO: Processing 
pre-safe-import-module hook 
'hook-jaraco.py' from 'D:\\Code\\DocNe
xusCorp\\DocNexus\\build\\venv\\Lib\\s
ite-packages\\PyInstaller\\hooks\\pre_
safe_import_module'
26285 INFO: Setuptools: 'jaraco' 
appears to be a full 
setuptools-vendored copy - creating 
alias to 'setuptools._vendor.jaraco'!
26300 INFO: Processing 
pre-safe-import-module hook 
'hook-more_itertools.py' from 'D:\\Cod
e\\DocNexusCorp\\DocNexus\\build\\venv
\\Lib\\site-packages\\PyInstaller\\hoo
ks\\pre_safe_import_module'
26301 INFO: Setuptools: 
'more_itertools' appears to be a 
setuptools-vendored copy - creating 
alias to 
'setuptools._vendor.more_itertools'!
26654 INFO: Processing 
pre-safe-import-module hook 
'hook-packaging.py' from 'D:\\Code\\Do
cNexusCorp\\DocNexus\\build\\venv\\Lib
\\site-packages\\PyInstaller\\hooks\\p
re_safe_import_module'
26954 INFO: Processing standard 
module hook 'hook-setuptools._vendor.j
araco.text.py' from 'D:\\Code\\DocNexu
sCorp\\DocNexus\\build\\venv\\Lib\\sit
e-packages\\PyInstaller\\hooks'
26957 INFO: Processing 
pre-safe-import-module hook 
'hook-importlib_resources.py' from 'D:
\\Code\\DocNexusCorp\\DocNexus\\build\
\venv\\Lib\\site-packages\\PyInstaller
\\hooks\\pre_safe_import_module'
26970 INFO: Processing 
pre-safe-import-module hook 
'hook-backports.py' from 'D:\\Code\\Do
cNexusCorp\\DocNexus\\build\\venv\\Lib
\\site-packages\\PyInstaller\\hooks\\p
re_safe_import_module'
26971 INFO: Setuptools: 'backports' 
appears to be a full 
setuptools-vendored copy - creating 
alias to 
'setuptools._vendor.backports'!
27686 INFO: Processing 
pre-safe-import-module hook 
'hook-tomli.py' from 'D:\\Code\\DocNex
usCorp\\DocNexus\\build\\venv\\Lib\\si
te-packages\\PyInstaller\\hooks\\pre_s
afe_import_module'
27688 INFO: Setuptools: 'tomli' 
appears to be a setuptools-vendored 
copy - creating alias to 
'setuptools._vendor.tomli'!
28651 INFO: Processing 
pre-safe-import-module hook 
'hook-wheel.py' from 'D:\\Code\\DocNex
usCorp\\DocNexus\\build\\venv\\Lib\\si
te-packages\\PyInstaller\\hooks\\pre_s
afe_import_module'
28652 INFO: Setuptools: 'wheel' 
appears to be a setuptools-vendored 
copy - creating alias to 
'setuptools._vendor.wheel'!
29086 INFO: Processing standard 
module hook 'hook-setuptools._vendor.i
mportlib_metadata.py' from 'D:\\Code\\
DocNexusCorp\\DocNexus\\build\\venv\\L
ib\\site-packages\\PyInstaller\\hooks'
29089 INFO: Processing 
pre-safe-import-module hook 
'hook-zipp.py' from 'D:\\Code\\DocNexu
sCorp\\DocNexus\\build\\venv\\Lib\\sit
e-packages\\PyInstaller\\hooks\\pre_sa
fe_import_module'
29089 INFO: Setuptools: 'zipp' 
appears to be a setuptools-vendored 
copy - creating alias to 
'setuptools._vendor.zipp'!
29206 INFO: Processing standard 
module hook 'hook-markdown.py' from 'D
:\\Code\\DocNexusCorp\\DocNexus\\build
\\venv\\Lib\\site-packages\\_pyinstall
er_hooks_contrib\\stdhooks'
30577 INFO: Processing standard 
module hook 
'hook-xml.etree.cElementTree.py' from 
'D:\\Code\\DocNexusCorp\\DocNexus\\bui
ld\\venv\\Lib\\site-packages\\PyInstal
ler\\hooks'
31613 INFO: Processing standard 
module hook 
'hook-charset_normalizer.py' from 'D:\
\Code\\DocNexusCorp\\DocNexus\\build\\
venv\\Lib\\site-packages\\_pyinstaller
_hooks_contrib\\stdhooks'
32012 INFO: Processing standard 
module hook 'hook-lxml.py' from 'D:\\C
ode\\DocNexusCorp\\DocNexus\\build\\ve
nv\\Lib\\site-packages\\_pyinstaller_h
ooks_contrib\\stdhooks'
32565 INFO: Processing standard 
module hook 'hook-lxml.etree.py' from 
'D:\\Code\\DocNexusCorp\\DocNexus\\bui
ld\\venv\\Lib\\site-packages\\_pyinsta
ller_hooks_contrib\\stdhooks'
32686 INFO: Processing standard 
module hook 'hook-docx.py' from 'D:\\C
ode\\DocNexusCorp\\DocNexus\\build\\ve
nv\\Lib\\site-packages\\_pyinstaller_h
ooks_contrib\\stdhooks'
34231 INFO: Processing standard 
module hook 'hook-xml.dom.domreg.py' 
from 'D:\\Code\\DocNexusCorp\\DocNexus
\\build\\venv\\Lib\\site-packages\\PyI
nstaller\\hooks'
35109 INFO: Processing 
pre-find-module-path hook 
'hook-tkinter.py' from 'D:\\Code\\DocN
exusCorp\\DocNexus\\build\\venv\\Lib\\
site-packages\\PyInstaller\\hooks\\pre
_find_module_path'
35114 INFO: TclTkInfo: initializing 
cached Tcl/Tk info...
36256 INFO: Processing standard 
module hook 'hook-_tkinter.py' from 'D
:\\Code\\DocNexusCorp\\DocNexus\\build
\\venv\\Lib\\site-packages\\PyInstalle
r\\hooks'
36326 INFO: Analyzing hidden import 
'engineio.async_drivers.threading'
36327 ERROR: Hidden import 
'engineio.async_drivers.threading' 
not found
36327 INFO: Analyzing hidden import 
'pymdownx'
36338 INFO: Analyzing hidden import 
'pymdownx.betterem'
36371 INFO: Analyzing hidden import 
'pymdownx.superfences'
36449 INFO: Analyzing hidden import 
'pymdownx.tabbed'
36513 INFO: Analyzing hidden import 
'pymdownx.details'
36524 INFO: Analyzing hidden import 
'pymdownx.magiclink'
36612 INFO: Analyzing hidden import 
'pymdownx.tasklist'
36625 INFO: Analyzing hidden import 
'pymdownx.arithmatex'
36646 INFO: Analyzing hidden import 
'pymdownx.highlight'
36709 INFO: Processing standard 
module hook 'hook-pygments.py' from 'D
:\\Code\\DocNexusCorp\\DocNexus\\build
\\venv\\Lib\\site-packages\\PyInstalle
r\\hooks'
40027 INFO: Analyzing hidden import 
'pymdownx.inlinehilite'
40039 INFO: Analyzing hidden import 
'pymdownx.keys'
40062 INFO: Analyzing hidden import 
'pymdownx.smartsymbols'
40069 INFO: Analyzing hidden import 
'pymdownx.snippets'
40094 INFO: Analyzing hidden import 
'pymdownx.tilde'
40104 INFO: Analyzing hidden import 
'pymdownx.caret'
40116 INFO: Analyzing hidden import 
'pymdownx.mark'
40121 INFO: Analyzing hidden import 
'pymdownx.emoji'
41261 INFO: Analyzing hidden import 
'pymdownx.saneheaders'
41265 INFO: Processing module hooks 
(post-graph stage)...
42486 INFO: Processing standard 
module hook 
'hook-lxml.isoschematron.py' from 'D:\
\Code\\DocNexusCorp\\DocNexus\\build\\
venv\\Lib\\site-packages\\_pyinstaller
_hooks_contrib\\stdhooks'
42817 INFO: Processing standard 
module hook 'hook-PIL.py' from 'D:\\Co
de\\DocNexusCorp\\DocNexus\\build\\ven
v\\Lib\\site-packages\\PyInstaller\\ho
oks'
43033 INFO: Processing standard 
module hook 'hook-PIL.Image.py' from '
D:\\Code\\DocNexusCorp\\DocNexus\\buil
d\\venv\\Lib\\site-packages\\PyInstall
er\\hooks'
44203 INFO: Processing standard 
module hook 'hook-PIL.ImageFilter.py' 
from 'D:\\Code\\DocNexusCorp\\DocNexus
\\build\\venv\\Lib\\site-packages\\PyI
nstaller\\hooks'
50051 INFO: Processing standard 
module hook 'hook-_tkinter.py' from 'D
:\\Code\\DocNexusCorp\\DocNexus\\build
\\venv\\Lib\\site-packages\\PyInstalle
r\\hooks'
50053 INFO: Processing standard 
module hook 'hook-lxml.objectify.py' 
from 'D:\\Code\\DocNexusCorp\\DocNexus
\\build\\venv\\Lib\\site-packages\\_py
installer_hooks_contrib\\stdhooks'
50618 INFO: Processing standard 
module hook 
'hook-PIL.SpiderImagePlugin.py' from '
D:\\Code\\DocNexusCorp\\DocNexus\\buil
d\\venv\\Lib\\site-packages\\PyInstall
er\\hooks'
50754 INFO: Performing binary vs. 
data reclassification (988 entries)
51196 INFO: Looking for ctypes DLLs
51345 INFO: Analyzing run-time hooks 
...
51352 INFO: Including run-time hook 
'pyi_rth_setuptools.py' from 'D:\\Code
\\DocNexusCorp\\DocNexus\\build\\venv\
\Lib\\site-packages\\PyInstaller\\hook
s\\rthooks'
51356 INFO: Including run-time hook 
'pyi_rth_pkgutil.py' from 'D:\\Code\\D
ocNexusCorp\\DocNexus\\build\\venv\\Li
b\\site-packages\\PyInstaller\\hooks\\
rthooks'
51363 INFO: Including run-time hook 
'pyi_rth_multiprocessing.py' from 'D:\
\Code\\DocNexusCorp\\DocNexus\\build\\
venv\\Lib\\site-packages\\PyInstaller\
\hooks\\rthooks'
51369 INFO: Including run-time hook 
'pyi_rth_inspect.py' from 'D:\\Code\\D
ocNexusCorp\\DocNexus\\build\\venv\\Li
b\\site-packages\\PyInstaller\\hooks\\
rthooks'
51375 INFO: Including run-time hook 
'pyi_rth__tkinter.py' from 'D:\\Code\\
DocNexusCorp\\DocNexus\\build\\venv\\L
ib\\site-packages\\PyInstaller\\hooks\
\rthooks'
51439 INFO: Creating 
base_library.zip...
51469 INFO: Looking for dynamic 
libraries
54031 INFO: Extra DLL search 
directories (AddDllDirectory): []
54032 INFO: Extra DLL search 
directories (PATH): []
54743 INFO: Warnings written to D:\Cod
e\DocNexusCorp\DocNexus\build\temp\Doc
Nexus_v1.2.0\warn-DocNexus_v1.2.0.txt
54907 INFO: Graph cross-reference 
written to D:\Code\DocNexusCorp\DocNex
us\build\temp\DocNexus_v1.2.0\xref-Doc
Nexus_v1.2.0.html
54997 INFO: checking PYZ
54997 INFO: Building PYZ because 
PYZ-00.toc is non existent
54997 INFO: Building PYZ 
(ZlibArchive) D:\Code\DocNexusCorp\Doc
Nexus\build\temp\DocNexus_v1.2.0\PYZ-0
0.pyz
57263 INFO: Building PYZ 
(ZlibArchive) D:\Code\DocNexusCorp\Doc
Nexus\build\temp\DocNexus_v1.2.0\PYZ-0
0.pyz completed successfully.
57414 INFO: checking PKG
57414 INFO: Building PKG because 
PKG-00.toc is non existent
57414 INFO: Building PKG (CArchive) 
DocNexus_v1.2.0.pkg
62970 INFO: Building PKG (CArchive) 
DocNexus_v1.2.0.pkg completed 
successfully.
63029 INFO: Bootloader D:\Code\DocNexu
sCorp\DocNexus\build\venv\Lib\site-pac
kages\PyInstaller\bootloader\Windows-6
4bit-intel\run.exe
63029 INFO: checking EXE
63030 INFO: Building EXE because 
EXE-00.toc is non existent
63030 INFO: Building EXE from 
EXE-00.toc
Traceback (most recent call last):
  File "<frozen runpy>", line 198, in 
_run_module_as_main
  File "<frozen runpy>", line 88, in 
_run_code
  File "D:\Code\DocNexusCorp\DocNexus\
build\venv\Scripts\pyinstaller.exe\__m
ain__.py", line 6, in <module>
    sys.exit(_console_script_run())
             ~~~~~~~~~~~~~~~~~~~^^
  File "D:\Code\DocNexusCorp\DocNexus\
build\venv\Lib\site-packages\PyInstall
er\__main__.py", line 231, in 
_console_script_run
    run()
    ~~~^^
  File "D:\Code\DocNexusCorp\DocNexus\
build\venv\Lib\site-packages\PyInstall
er\__main__.py", line 215, in run
    run_build(pyi_config, spec_file, 
**vars(args))
    ~~~~~~~~~^^^^^^^^^^^^^^^^^^^^^^^^^
^^^^^^^^^^^^
  File "D:\Code\DocNexusCorp\DocNexus\
build\venv\Lib\site-packages\PyInstall
er\__main__.py", line 70, in run_build
    PyInstaller.building.build_main.ma
in(pyi_config, spec_file, **kwargs)
    ~~~~~~~~~~~~~~~~~~~~~~~~~~~~~~~~~~
~~^^^^^^^^^^^^^^^^^^^^^^^^^^^^^^^^^
  File "D:\Code\DocNexusCorp\DocNexus\
build\venv\Lib\site-packages\PyInstall
er\building\build_main.py", line 
1272, in main
    build(specfile, distpath, 
workpath, clean_build)
    ~~~~~^^^^^^^^^^^^^^^^^^^^^^^^^^^^^
^^^^^^^^^^^^^^
  File "D:\Code\DocNexusCorp\DocNexus\
build\venv\Lib\site-packages\PyInstall
er\building\build_main.py", line 
1210, in build
    exec(code, spec_namespace)
    ~~~~^^^^^^^^^^^^^^^^^^^^^^
  File "D:\Code\DocNexusCorp\DocNexus\
build\spec\DocNexus_v1.2.0.spec", 
line 19, in <module>
    exe = EXE(
        pyz,
    ...<17 lines>...
        icon=['D:\\Code\\DocNexusCorp\
\DocNexus\\docnexus\\static\\logo.ico'
],
    )
  File "D:\Code\DocNexusCorp\DocNexus\
build\venv\Lib\site-packages\PyInstall
er\building\api.py", line 675, in 
__init__
    self.__postinit__()
    ~~~~~~~~~~~~~~~~~^^
  File "D:\Code\DocNexusCorp\DocNexus\
build\venv\Lib\site-packages\PyInstall
er\building\datastruct.py", line 184, 
in __postinit__
    self.assemble()
    ~~~~~~~~~~~~~^^
  File "D:\Code\DocNexusCorp\DocNexus\
build\venv\Lib\site-packages\PyInstall
er\building\api.py", line 769, in 
assemble
    os.remove(self.name)
    ~~~~~~~~~^^^^^^^^^^^
PermissionError: [WinError 5] Access 
is denied: 'D:\\Code\\DocNexusCorp\\Do
cNexus\\build\\output\\DocNexus_v1.2.0
.exe'
Error running command: D:\Code\DocNexusCorp\DocNexus\build\venv\Scripts\pyinstaller.exe --noconfirm --clean --name DocNexus_v1.2.0 --onefile --distpath D:\Code\DocNexusCorp\DocNexus\build\output --workpath D:\Code\DocNexusCorp\DocNexus\build\temp --specpath D:\Code\DocNexusCorp\DocNexus\build\spec --paths D:\Code\DocNexusCorp\DocNexus --icon D:\Code\DocNexusCorp\DocNexus\docnexus\static\logo.ico --add-data D:\Code\DocNexusCorp\DocNexus\docnexus\templates;docnexus/templates --add-data D:\Code\DocNexusCorp\DocNexus\docnexus\static;docnexus/static --hidden-import docnexus.features --hidden-import docnexus.features.smart_convert --hidden-import engineio.async_drivers.threading --hidden-import pymdownx --hidden-import pymdownx.betterem --hidden-import pymdownx.superfences --hidden-import pymdownx.tabbed --hidden-import pymdownx.details --hidden-import pymdownx.magiclink --hidden-import pymdownx.tasklist --hidden-import pymdownx.arithmatex --hidden-import pymdownx.highlight --hidden-import pymdownx.inlinehilite --hidden-import pymdownx.keys --hidden-import pymdownx.smartsymbols --hidden-import pymdownx.snippets --hidden-import pymdownx.tilde --hidden-import pymdownx.caret --hidden-import pymdownx.mark --hidden-import pymdownx.emoji --hidden-import pymdownx.saneheaders --add-data D:\Code\DocNexusCorp\DocNexus\docnexus\plugins_dev;docnexus/plugins_dev D:\Code\DocNexusCorp\DocNexus\docnexus\app.py
